7
2
S0S 0 S1F
S0S 1 S2M
S1F 0 S3M
S1F 1 S2M
S2M 0 S4F
S2M 1 S5F
S3M 0 S6F
S3M 1 S2M
S5F 0 S4F
S5F 1 S5F
S6F 0 S6F
S6F 1 S2M
