3
2
S0S b S1F
S0S a S2F
S1F b S2F
S2F b S2F
S2F a S2F
